Archive member included because of file (symbol)

/usr/local/arm/gcc-linaro-4.9.4-2017.01-x86_64_arm-linux-gnueabihf/bin/../lib/gcc/arm-linux-gnueabihf/4.9.4/libgcc.a(_udivsi3.o)
                              arch/arm/cpu/armv7/built-in.o (__aeabi_uidiv)
/usr/local/arm/gcc-linaro-4.9.4-2017.01-x86_64_arm-linux-gnueabihf/bin/../lib/gcc/arm-linux-gnueabihf/4.9.4/libgcc.a(_divsi3.o)
                              cmd/built-in.o (__aeabi_idiv)
/usr/local/arm/gcc-linaro-4.9.4-2017.01-x86_64_arm-linux-gnueabihf/bin/../lib/gcc/arm-linux-gnueabihf/4.9.4/libgcc.a(_lshrdi3.o)
                              fs/built-in.o (__aeabi_llsr)
/usr/local/arm/gcc-linaro-4.9.4-2017.01-x86_64_arm-linux-gnueabihf/bin/../lib/gcc/arm-linux-gnueabihf/4.9.4/libgcc.a(_ashldi3.o)
                              drivers/mmc/built-in.o (__aeabi_llsl)
/usr/local/arm/gcc-linaro-4.9.4-2017.01-x86_64_arm-linux-gnueabihf/bin/../lib/gcc/arm-linux-gnueabihf/4.9.4/libgcc.a(_dvmd_lnx.o)
                              /usr/local/arm/gcc-linaro-4.9.4-2017.01-x86_64_arm-linux-gnueabihf/bin/../lib/gcc/arm-linux-gnueabihf/4.9.4/libgcc.a(_udivsi3.o) (__aeabi_idiv0)

Discarded input sections

 .data          0x0000000000000000        0x0 arch/arm/cpu/armv7/start.o
 .bss           0x0000000000000000        0x0 arch/arm/cpu/armv7/start.o
 .text.v7_arch_cp15_set_l2aux_ctrl
                0x0000000000000000        0x8 arch/arm/cpu/armv7/built-in.o
 .text.v7_arch_cp15_set_acr
                0x0000000000000000        0x8 arch/arm/cpu/armv7/built-in.o
 .text.sdelay   0x0000000000000000        0xc arch/arm/cpu/armv7/built-in.o
 .text.wait_on_value
                0x0000000000000000       0x34 arch/arm/cpu/armv7/built-in.o
 .text.get_nr_cpus
                0x0000000000000000       0x10 arch/arm/cpu/armv7/built-in.o
 .text.board_mmc_get_env_dev
                0x0000000000000000        0x8 arch/arm/cpu/armv7/built-in.o
 .text.get_boot_device
                0x0000000000000000       0x9c arch/arm/cpu/armv7/built-in.o
 .text.enable_uart_clk
                0x0000000000000000       0x54 arch/arm/cpu/armv7/built-in.o
 .text.enable_usdhc_clk
                0x0000000000000000       0x4c arch/arm/cpu/armv7/built-in.o
 .text.enable_spi_clk
                0x0000000000000000       0x44 arch/arm/cpu/armv7/built-in.o
 .text.enable_lvds_bridge
                0x0000000000000000      0x1d8 arch/arm/cpu/armv7/built-in.o
 .text.enable_ipu_clock
                0x0000000000000000       0x90 arch/arm/cpu/armv7/built-in.o
 .data          0x0000000000000000        0x0 arch/arm/cpu/armv7/built-in.o
 .bss           0x0000000000000000        0x0 arch/arm/cpu/armv7/built-in.o
 .text          0x0000000000000000        0x0 arch/arm/imx-common/built-in.o
 .text.imx_iomux_set_gpr_register
                0x0000000000000000       0x40 arch/arm/imx-common/built-in.o
 .text.get_imx_reset_cause
                0x0000000000000000       0x10 arch/arm/imx-common/built-in.o
 .text.set_chipselect_size
                0x0000000000000000       0x84 arch/arm/imx-common/built-in.o
 .text.usec2ticks
                0x0000000000000000       0x64 arch/arm/imx-common/built-in.o
 .data          0x0000000000000000        0x0 arch/arm/imx-common/built-in.o
 .bss           0x0000000000000000        0x0 arch/arm/imx-common/built-in.o
 .text.reset_misc
                0x0000000000000000        0x4 arch/arm/lib/built-in.o
 .text.enable_caches
                0x0000000000000000        0xc arch/arm/lib/built-in.o
 .text.invalidate_dcache_range
                0x0000000000000000        0x4 arch/arm/lib/built-in.o
 .text.flush_dcache_range
                0x0000000000000000        0x4 arch/arm/lib/built-in.o
 .text.flush_dcache_all
                0x0000000000000000        0xc arch/arm/lib/built-in.o
 .text.arm_init_before_mmu
                0x0000000000000000        0x4 arch/arm/lib/built-in.o
 .text.mmu_page_table_flush
                0x0000000000000000        0x4 arch/arm/lib/built-in.o
 .data          0x0000000000000000        0x0 arch/arm/lib/built-in.o
 .__secure_start
                0x0000000000000000        0x0 arch/arm/lib/built-in.o
 .__secure_end  0x0000000000000000        0x0 arch/arm/lib/built-in.o
 .bss           0x0000000000000000        0x0 arch/arm/lib/built-in.o
 .text          0x0000000000000000        0x0 board/freescale/common/built-in.o
 .text.mmc_map_to_kernel_blk
                0x0000000000000000        0x4 board/freescale/common/built-in.o
 .data          0x0000000000000000        0x0 board/freescale/common/built-in.o
 .bss           0x0000000000000000        0x0 board/freescale/common/built-in.o
 .text          0x0000000000000000        0x0 board/freescale/mx6ull_alientek_emmc/built-in.o
 .data          0x0000000000000000        0x0 board/freescale/mx6ull_alientek_emmc/built-in.o
 .bss           0x0000000000000000        0x0 board/freescale/mx6ull_alientek_emmc/built-in.o
 .text          0x0000000000000000        0x0 cmd/built-in.o
 .text.bootz_setup
[...]
Memory Configuration

Name             Origin             Length             Attributes
*default*        0x0000000000000000 0xffffffffffffffff

Linker script and memory map

Address of section .text set to 0x87800000
                0x0000000000000000                . = 0x0
                0x0000000000000000                . = ALIGN (0x4)

.text           0x0000000087800000    0x3fcbc
 *(.__image_copy_start)
 .__image_copy_start
                0x0000000087800000        0x0 arch/arm/lib/built-in.o
                0x0000000087800000                __image_copy_start
 *(.vectors)
 .vectors       0x0000000087800000      0x300 arch/arm/lib/built-in.o
                0x0000000087800000                _start
                0x0000000087800020                _undefined_instruction
                0x0000000087800024                _software_interrupt
                0x0000000087800028                _prefetch_abort
                0x000000008780002c                _data_abort
                0x0000000087800030                _not_used
                0x0000000087800034                _irq
                0x0000000087800038                _fiq
                0x0000000087800040                IRQ_STACK_START_IN
 arch/arm/cpu/armv7/start.o(.text*)
 .text          0x0000000087800300       0xb0 arch/arm/cpu/armv7/start.o
                0x0000000087800300                reset
                0x0000000087800304                save_boot_params_ret
                0x0000000087800340                c_runtime_cpu_setup
                0x0000000087800350                save_boot_params
                0x0000000087800354                cpu_init_cp15
                0x00000000878003a8                cpu_init_crit
 *(.text*)
 .text          0x00000000878003b0       0x24 arch/arm/cpu/armv7/built-in.o
                0x00000000878003b0                lowlevel_init
 .text.v7_maint_dcache_all
                0x00000000878003d4       0xcc arch/arm/cpu/armv7/built-in.o
 .text.invalidate_icache_all
                0x00000000878004a0       0x18 arch/arm/cpu/armv7/built-in.o
                0x00000000878004a0                invalidate_icache_all
 .text.v7_outer_cache_enable
                0x00000000878004b8        0x4 arch/arm/cpu/armv7/built-in.o
                0x00000000878004b8                v7_outer_cache_enable
 .text.v7_outer_cache_disable
                0x00000000878004bc        0x4 arch/arm/cpu/armv7/built-in.o
                0x00000000878004bc                v7_outer_cache_disable
 .text.v7_outer_cache_flush_all
                0x00000000878004c0        0x4 arch/arm/cpu/armv7/built-in.o
                0x00000000878004c0                v7_outer_cache_flush_all
 .text.flush_dcache_all
                0x00000000878004c4       0x14 arch/arm/cpu/armv7/built-in.o
                0x00000000878004c4                flush_dcache_all
 .text.v7_outer_cache_inval_all
                0x00000000878004d8        0x4 arch/arm/cpu/armv7/built-in.o
                0x00000000878004d8                v7_outer_cache_inval_all
 .text.invalidate_dcache_all
                0x00000000878004dc       0x14 arch/arm/cpu/armv7/built-in.o
                0x00000000878004dc                invalidate_dcache_all
 .text.arm_init_before_mmu
                0x00000000878004f0       0x28 arch/arm/cpu/armv7/built-in.o
                0x00000000878004f0                arm_init_before_mmu
 .text.v7_outer_cache_flush_range
                0x0000000087800518        0x4 arch/arm/cpu/armv7/built-in.o
                0x0000000087800518                v7_outer_cache_flush_range
 .text.flush_dcache_range
                0x000000008780051c       0x38 arch/arm/cpu/armv7/built-in.o
                0x000000008780051c                flush_dcache_range
 .text.mmu_page_table_flush
                0x0000000087800554       0x24 arch/arm/cpu/armv7/built-in.o
                0x0000000087800554                mmu_page_table_flush
 .text.v7_outer_cache_inval_range
                0x0000000087800578        0x4 arch/arm/cpu/armv7/built-in.o
                0x0000000087800578                v7_outer_cache_inval_range
 .text.invalidate_dcache_range
                0x000000008780057c       0xa8 arch/arm/cpu/armv7/built-in.o
                0x000000008780057c                invalidate_dcache_range
 .text.cpu_cache_initialization
                0x0000000087800624        0x4 arch/arm/cpu/armv7/built-in.o
                0x0000000087800624                cpu_cache_initialization
 .text.cleanup_before_linux_select
                0x0000000087800628       0x4c arch/arm/cpu/armv7/built-in.o
                0x0000000087800628                cleanup_before_linux_select
 .text.cleanup_before_linux
                0x0000000087800674        0x8 arch/arm/cpu/armv7/built-in.o
                0x0000000087800674                cleanup_before_linux
 .text.get_cpu_rev
                0x000000008780067c       0x90 arch/arm/cpu/armv7/built-in.o
                0x000000008780067c                get_cpu_rev
 .text.get_cpu_speed_grade_hz
                0x000000008780070c      0x138 arch/arm/cpu/armv7/built-in.o
                0x000000008780070c                get_cpu_speed_grade_hz
 .text.get_cpu_temp_grade
                0x0000000087800844       0x68 arch/arm/cpu/armv7/built-in.o
                0x0000000087800844                get_cpu_temp_grade
 .text.get_board_rev
                0x00000000878008ac       0x40 arch/arm/cpu/armv7/built-in.o
                0x00000000878008ac                get_board_rev
 .text.arch_cpu_init
                0x00000000878008ec      0x368 arch/arm/cpu/armv7/built-in.o
                0x00000000878008ec                arch_cpu_init
 .text.mmc_get_env_dev
                0x0000000087800c54       0x28 arch/arm/cpu/armv7/built-in.o
                0x0000000087800c54                mmc_get_env_dev
 .text.board_mmc_get_env_part
                0x0000000087800c7c        0x8 arch/arm/cpu/armv7/built-in.o
                0x0000000087800c7c                board_mmc_get_env_part
 .text.mmc_get_env_part
                0x0000000087800c84       0x28 arch/arm/cpu/armv7/built-in.o
                0x0000000087800c84                mmc_get_env_part
 .text.board_postclk_init
                0x0000000087800cac       0x70 arch/arm/cpu/armv7/built-in.o
                0x0000000087800cac                board_postclk_init
 .text.imx_get_mac_from_fuse
                0x0000000087800d1c       0xb8 arch/arm/cpu/armv7/built-in.o
                0x0000000087800d1c                imx_get_mac_from_fuse
 .text.set_wdog_reset
                0x0000000087800dd4       0x18 arch/arm/cpu/armv7/built-in.o
                0x0000000087800dd4                set_wdog_reset
 .text.reset_misc
                0x0000000087800dec        0x4 arch/arm/cpu/armv7/built-in.o
                0x0000000087800dec                reset_misc
 .text.s_init   0x0000000087800df0       0xa8 arch/arm/cpu/armv7/built-in.o
                0x0000000087800df0                s_init
 .text.disable_lcdif_clock
                0x0000000087800e98      0x208 arch/arm/cpu/armv7/built-in.o
 .text.get_ipg_clk
                0x00000000878010a0       0x28 arch/arm/cpu/armv7/built-in.o
 .text.enable_pll_video.constprop.0
                0x00000000878010c8      0x100 arch/arm/cpu/armv7/built-in.o
 .text.get_uart_clk
                0x00000000878011c8       0xd8 arch/arm/cpu/armv7/built-in.o
 .text.mxc_get_pll_pfd
                0x00000000878012a0       0xd4 arch/arm/cpu/armv7/built-in.o
 .text.get_usdhc_clk
                0x0000000087801374       0xe8 arch/arm/cpu/armv7/built-in.o
 .text.enable_ocotp_clk
                0x000000008780145c       0x24 arch/arm/cpu/armv7/built-in.o
                0x000000008780145c                enable_ocotp_clk
 .text.enable_usboh3_clk
                0x0000000087801480       0x24 arch/arm/cpu/armv7/built-in.o
                0x0000000087801480                enable_usboh3_clk
 .text.enable_enet_clk
                0x00000000878014a4       0x64 arch/arm/cpu/armv7/built-in.o
                0x00000000878014a4                enable_enet_clk
 .text.enable_i2c_clk
                0x0000000087801508       0xd8 arch/arm/cpu/armv7/built-in.o
                0x0000000087801508                enable_i2c_clk
 .text.get_periph_clk
                0x00000000878015e0       0xdc arch/arm/cpu/armv7/built-in.o
                0x00000000878015e0                get_periph_clk
 .text.get_axi_clk
                0x00000000878016bc       0x4c arch/arm/cpu/armv7/built-in.o
 .text.enable_lcdif_clock
                0x0000000087801708      0x264 arch/arm/cpu/armv7/built-in.o
                0x0000000087801708                enable_lcdif_clock
 .text.mxs_set_lcdclk
                0x000000008780196c      0x37c arch/arm/cpu/armv7/built-in.o
                0x000000008780196c                mxs_set_lcdclk
 .text.enable_qspi_clk
                0x0000000087801ce8       0x98 arch/arm/cpu/armv7/built-in.o
                0x0000000087801ce8                enable_qspi_clk
 .text.enable_fec_anatop_clock
                0x0000000087801d80       0xf4 arch/arm/cpu/armv7/built-in.o
                0x0000000087801d80                enable_fec_anatop_clock
 .text.imx_get_uartclk
                0x0000000087801e74        0x4 arch/arm/cpu/armv7/built-in.o
                0x0000000087801e74                imx_get_uartclk
 .text.enable_thermal_clk
                0x0000000087801e78       0x48 arch/arm/cpu/armv7/built-in.o
                0x0000000087801e78                enable_thermal_clk
 .text.mxc_get_clock
                0x0000000087801ec0      0x4bc arch/arm/cpu/armv7/built-in.o
                0x0000000087801ec0                mxc_get_clock
 .text.imx_get_fecclk
                0x000000008780237c        0x8 arch/arm/cpu/armv7/built-in.o
                0x000000008780237c                imx_get_fecclk
 .text.do_mx6_showclocks
                0x0000000087802384      0x230 arch/arm/cpu/armv7/built-in.o
                0x0000000087802384                do_mx6_showclocks
 .text.imx_iomux_v3_setup_pad
                0x00000000878025b4      0x17c arch/arm/imx-common/built-in.o
                0x00000000878025b4                imx_iomux_v3_setup_pad
 .text.imx_iomux_v3_setup_multiple_pads
                0x0000000087802730       0x2c arch/arm/imx-common/built-in.o
                0x0000000087802730                imx_iomux_v3_setup_multiple_pads
 .text.imx_ddr_size
                0x000000008780275c       0x64 arch/arm/imx-common/built-in.o
                0x000000008780275c                imx_ddr_size
 .text.get_imx_type
                0x00000000878027c0       0x20 arch/arm/imx-common/built-in.o
                0x00000000878027c0                get_imx_type
 .text.print_cpuinfo
                0x00000000878027e0      0x228 arch/arm/imx-common/built-in.o
                0x00000000878027e0                print_cpuinfo
 .text.cpu_eth_init
                0x0000000087802a08        0x4 arch/arm/imx-common/built-in.o
                0x0000000087802a08                cpu_eth_init
 .text.cpu_mmc_init
                0x0000000087802a0c        0x4 arch/arm/imx-common/built-in.o
                0x0000000087802a0c                cpu_mmc_init
 .text.get_ahb_clk
                0x0000000087802a10       0x24 arch/arm/imx-common/built-in.o
                0x0000000087802a10                get_ahb_clk
 .text.arch_preboot_os
                0x0000000087802a34        0x4 arch/arm/imx-common/built-in.o
                0x0000000087802a34                arch_preboot_os
 .text.get_clocks
                0x0000000087802a38       0x1c arch/arm/imx-common/built-in.o
                0x0000000087802a38                get_clocks
 .text.force_idle_bus
                0x0000000087802a54      0x1c4 arch/arm/imx-common/built-in.o
                0x0000000087802a54                force_idle_bus
 .text.setup_i2c
                0x0000000087802c18       0xe4 arch/arm/imx-common/built-in.o
                0x0000000087802c18                setup_i2c
 .text.mxs_wait_mask_set
                0x0000000087802cfc       0x3c arch/arm/imx-common/built-in.o
                0x0000000087802cfc                mxs_wait_mask_set
 .text.mxs_wait_mask_clr
                0x0000000087802d38       0x3c arch/arm/imx-common/built-in.o
                0x0000000087802d38                mxs_wait_mask_clr
 .text.mxs_reset_block
                0x0000000087802d74       0x90 arch/arm/imx-common/built-in.o
                0x0000000087802d74                mxs_reset_block
 .text.enable_caches
                0x0000000087802e04       0x34 arch/arm/imx-common/built-in.o
                0x0000000087802e04                enable_caches
 .text.init_aips
                0x0000000087802e38       0xc0 arch/arm/imx-common/built-in.o
                0x0000000087802e38                init_aips
 .text.imx_set_wdog_powerdown
                0x0000000087802ef8       0xa8 arch/arm/imx-common/built-in.o
                0x0000000087802ef8                imx_set_wdog_powerdown
 .text.init_src
                0x0000000087802fa0       0x18 arch/arm/imx-common/built-in.o
                0x0000000087802fa0                init_src
 .text.boot_mode_apply
                0x0000000087802fb8       0x24 arch/arm/imx-common/built-in.o
                0x0000000087802fb8                boot_mode_apply
 .text.board_video_skip
                0x0000000087802fdc      0x1a4 arch/arm/imx-common/built-in.o
                0x0000000087802fdc                board_video_skip
 .text.timer_init
                0x0000000087803180       0x3c arch/arm/imx-common/built-in.o
                0x0000000087803180                timer_init
 .text.get_ticks
                0x00000000878031bc       0x18 arch/arm/imx-common/built-in.o
                0x00000000878031bc                get_ticks
 .text.get_timer_masked
                0x00000000878031d4       0x58 arch/arm/imx-common/built-in.o
                0x00000000878031d4                get_timer_masked
 .text.get_timer
                0x000000008780322c       0x14 arch/arm/imx-common/built-in.o
                0x000000008780322c                get_timer
 .text.__udelay
                0x0000000087803240       0x80 arch/arm/imx-common/built-in.o
                0x0000000087803240                __udelay
 .text.get_tbclk
                0x00000000878032c0        0x8 arch/arm/imx-common/built-in.o
                0x00000000878032c0                get_tbclk
 .text.create_usage
                0x00000000878032c8       0xa0 arch/arm/imx-common/built-in.o
 .text.do_boot_mode
                0x0000000087803368       0xd4 arch/arm/imx-common/built-in.o
 .text.add_board_boot_modes
                0x000000008780343c       0x60 arch/arm/imx-common/built-in.o
                0x000000008780343c                add_board_boot_modes
 .text          0x000000008780349c       0x90 arch/arm/lib/built-in.o
                0x000000008780349c                _main
 .text.relocate_vectors
                0x000000008780352c       0x70 arch/arm/lib/built-in.o
                0x000000008780352c                relocate_vectors
                0x0000000087803538                relocate_code
 .text.arch_fixup_fdt
                0x000000008780359c       0x38 arch/arm/lib/built-in.o
                0x000000008780359c                arch_fixup_fdt
 .text.boot_jump_linux
                0x00000000878035d4       0xc4 arch/arm/lib/built-in.o
 .text.arch_lmb_reserve
                0x0000000087803698       0x24 arch/arm/lib/built-in.o
                0x0000000087803698                arch_lmb_reserve
 .text.setup_board_tags
                0x00000000878036bc        0x4 arch/arm/lib/built-in.o
                0x00000000878036bc                setup_board_tags
 .text.boot_prep_linux
                0x00000000878036c0      0x1d8 arch/arm/lib/built-in.o
 .text.do_bootm_linux
                0x0000000087803898       0x64 arch/arm/lib/built-in.o
                0x0000000087803898                do_bootm_linux
 .text.bootz_setup
                0x00000000878038fc       0x58 arch/arm/lib/built-in.o
                0x00000000878038fc                bootz_setup
 .text.boot_prep_vxworks
                0x0000000087803954       0x50 arch/arm/lib/built-in.o
                0x0000000087803954                boot_prep_vxworks
 .text.boot_jump_vxworks
                0x00000000878039a4        0xc arch/arm/lib/built-in.o
                0x00000000878039a4                boot_jump_vxworks
 .text.arch_reserve_stacks
                0x00000000878039b0       0x1c arch/arm/lib/built-in.o
                0x00000000878039b0                arch_reserve_stacks
 .text.interrupt_init
                0x00000000878039cc       0x1c arch/arm/lib/built-in.o
                0x00000000878039cc                interrupt_init
 .text.enable_interrupts
                0x00000000878039e8        0x4 arch/arm/lib/built-in.o
                0x00000000878039e8                enable_interrupts
 .text.disable_interrupts
                0x00000000878039ec        0x8 arch/arm/lib/built-in.o
                0x00000000878039ec                disable_interrupts
 .text.bad_mode
                0x00000000878039f4       0x10 arch/arm/lib/built-in.o
                0x00000000878039f4                bad_mode
 .text.show_regs
                0x0000000087803a04      0x174 arch/arm/lib/built-in.o
                0x0000000087803a04                show_regs
 .text.do_undefined_instruction
                0x0000000087803b78       0x20 arch/arm/lib/built-in.o
                0x0000000087803b78                do_undefined_instruction
 .text.do_software_interrupt
                0x0000000087803b98       0x20 arch/arm/lib/built-in.o
                0x0000000087803b98                do_software_interrupt
 .text.do_prefetch_abort
                0x0000000087803bb8       0x20 arch/arm/lib/built-in.o
                0x0000000087803bb8                do_prefetch_abort
 .text.do_data_abort
                0x0000000087803bd8       0x20 arch/arm/lib/built-in.o
                0x0000000087803bd8                do_data_abort
 .text.do_not_used
                0x0000000087803bf8       0x20 arch/arm/lib/built-in.o
                0x0000000087803bf8                do_not_used
 .text.do_fiq   0x0000000087803c18       0x20 arch/arm/lib/built-in.o
                0x0000000087803c18                do_fiq
 .text.do_irq   0x0000000087803c38       0x20 arch/arm/lib/built-in.o
                0x0000000087803c38                do_irq
 .text.do_reset
                0x0000000087803c58       0x30 arch/arm/lib/built-in.o
                0x0000000087803c58                do_reset
 .text.flush_cache
                0x0000000087803c88        0x8 arch/arm/lib/built-in.o
                0x0000000087803c88                flush_cache
 .text.cp_delay
                0x0000000087803c90       0x30 arch/arm/lib/built-in.o
 .text.arm_init_domains
                0x0000000087803cc0        0x4 arch/arm/lib/built-in.o
                0x0000000087803cc0                arm_init_domains
 .text.set_section_dcache
                0x0000000087803cc4       0x14 arch/arm/lib/built-in.o
                0x0000000087803cc4                set_section_dcache
 .text.mmu_set_region_dcache_behaviour
                0x0000000087803cd8       0x50 arch/arm/lib/built-in.o
                0x0000000087803cd8                mmu_set_region_dcache_behaviour
 .text.dram_bank_mmu_setup
                0x0000000087803d28       0x44 arch/arm/lib/built-in.o
                0x0000000087803d28                dram_bank_mmu_setup
 .text.icache_enable
                0x0000000087803d6c       0x18 arch/arm/lib/built-in.o
                0x0000000087803d6c                icache_enable
 .text.icache_disable
                0x0000000087803d84       0x20 arch/arm/lib/built-in.o
                0x0000000087803d84                icache_disable
 .text.icache_status
                0x0000000087803da4        0xc arch/arm/lib/built-in.o
                0x0000000087803da4                icache_status
 .text.dcache_enable
                0x0000000087803db0       0x78 arch/arm/lib/built-in.o
                0x0000000087803db0                dcache_enable
 .text.dcache_disable
                0x0000000087803e28       0x2c arch/arm/lib/built-in.o
                0x0000000087803e28                dcache_disable
 .text.dcache_status
                0x0000000087803e54        0xc arch/arm/lib/built-in.o
                0x0000000087803e54                dcache_status
 .text.board_late_mmc_env_init
                0x0000000087803e60       0x9c board/freescale/common/built-in.o
                0x0000000087803e60                board_late_mmc_env_init
 .text.do_enable_parallel_lcd
                0x0000000087803efc       0x4c board/freescale/mx6ull_alientek_emmc/built-in.o
                0x0000000087803efc                do_enable_parallel_lcd
 .text.power_init_board
                0x0000000087803f48        0x8 board/freescale/mx6ull_alientek_emmc/built-in.o
                0x0000000087803f48                power_init_board
 .text.dram_init
                0x0000000087803f50       0x18 board/freescale/mx6ull_alientek_emmc/built-in.o
                0x0000000087803f50                dram_init
 .text.board_mmc_get_env_dev
                0x0000000087803f68        0x4 board/freescale/mx6ull_alientek_emmc/built-in.o
                0x0000000087803f68                board_mmc_get_env_dev
 .text.mmc_map_to_kernel_blk
                0x0000000087803f6c        0x4 board/freescale/mx6ull_alientek_emmc/built-in.o
                0x0000000087803f6c                mmc_map_to_kernel_blk
 .text.board_mmc_getcd
                0x0000000087803f70       0x48 board/freescale/mx6ull_alientek_emmc/built-in.o
                0x0000000087803f70                board_mmc_getcd
 .text.board_mmc_init
                0x0000000087803fb8       0xd4 board/freescale/mx6ull_alientek_emmc/built-in.o
                0x0000000087803fb8                board_mmc_init
 .text.board_usb_phy_mode
                0x000000008780408c       0x14 board/freescale/mx6ull_alientek_emmc/built-in.o
                0x000000008780408c                board_usb_phy_mode
 .text.board_ehci_hcd_init
                0x00000000878040a0       0x28 board/freescale/mx6ull_alientek_emmc/built-in.o
                0x00000000878040a0                board_ehci_hcd_init
 .text.board_eth_init
                0x00000000878040c8       0x60 board/freescale/mx6ull_alientek_emmc/built-in.o
                0x00000000878040c8                board_eth_init
 .text.board_phy_config
                0x0000000087804128       0x4c board/freescale/mx6ull_alientek_emmc/built-in.o
                0x0000000087804128                board_phy_config
 .text.board_early_init_f
                0x0000000087804174       0x1c board/freescale/mx6ull_alientek_emmc/built-in.o
                0x0000000087804174                board_early_init_f
 .text.board_init
                0x0000000087804190       0x94 board/freescale/mx6ull_alientek_emmc/built-in.o
                0x0000000087804190                board_init
 .text.board_late_init
                0x0000000087804224       0x50 board/freescale/mx6ull_alientek_emmc/built-in.o
                0x0000000087804224                board_late_init
 .text.checkboard
                0x0000000087804274       0x18 board/freescale/mx6ull_alientek_emmc/built-in.o
                0x0000000087804274                checkboard
 .text.do_go_exec
                0x000000008780428c       0x10 cmd/built-in.o
                0x000000008780428c                do_go_exec
 .text.do_go    0x000000008780429c       0x6c cmd/built-in.o
 .text.do_bootm
                0x0000000087804308      0x10c cmd/built-in.o
                0x0000000087804308                do_bootm
 .text.do_bootd
                0x0000000087804414       0x20 cmd/built-in.o
                0x0000000087804414                do_bootd
 .text.image_info
                0x0000000087804434       0xcc cmd/built-in.o
 .text.do_iminfo
                0x0000000087804500       0x5c cmd/built-in.o
 .text.bootm_maybe_autostart
                0x000000008780455c       0x78 cmd/built-in.o
                0x000000008780455c                bootm_maybe_autostart
 .text.do_bootz
                0x00000000878045d4       0xf8 cmd/built-in.o
                0x00000000878045d4                do_bootz
 .text.do_help  0x00000000878046cc       0x44 cmd/built-in.o
 .text.do_version
                0x0000000087804710       0x38 cmd/built-in.o
 .text.source   0x0000000087804748       0xd8 cmd/built-in.o
                0x0000000087804748                source
 .text.do_source
                0x0000000087804820       0x48 cmd/built-in.o
 .text.print_num
                0x0000000087804868       0x14 cmd/built-in.o
 .text.do_bdinfo
                0x000000008780487c      0x190 cmd/built-in.o
 .text.do_bmp   0x0000000087804a0c       0x54 cmd/built-in.o
 .text.do_bmp_info
                0x0000000087804a60      0x10c cmd/built-in.o
 .text.bmp_display
                0x0000000087804b6c       0x50 cmd/built-in.o
                0x0000000087804b6c                bmp_display
 .text.do_bmp_display
                0x0000000087804bbc       0xbc cmd/built-in.o
 .text.parse_argv
                0x0000000087804c78       0x64 cmd/built-in.o
 .text.do_icache
                0x0000000087804cdc       0x88 cmd/built-in.o
 .text.do_dcache
                0x0000000087804d64       0x88 cmd/built-in.o
 .text.do_coninfo
                0x0000000087804dec       0xb0 cmd/built-in.o
 .text.do_echo  0x0000000087804e9c       0xb0 cmd/built-in.o
 .text.load_elf_image_shdr
                0x0000000087804f4c       0x8c cmd/built-in.o
 .text.valid_elf_image
                0x0000000087804fd8       0x4c cmd/built-in.o
                0x0000000087804fd8                valid_elf_image
 .text.do_bootelf
                0x0000000087805024      0x1b0 cmd/built-in.o
                0x0000000087805024                do_bootelf
 .text.do_bootvx
                0x00000000878051d4      0x330 cmd/built-in.o
                0x00000000878051d4                do_bootvx
 .text.do_exit  0x0000000087805504       0x3c cmd/built-in.o
 .text.do_ext4_size
                0x0000000087805540       0x18 cmd/built-in.o
                0x0000000087805540                do_ext4_size
 .text.do_ext4_load
                0x0000000087805558       0x18 cmd/built-in.o
                0x0000000087805558                do_ext4_load
 .text.do_ext4_ls
                0x0000000087805570       0x18 cmd/built-in.o
                0x0000000087805570                do_ext4_ls
 .text.do_ext4_write
                0x0000000087805588       0x18 cmd/built-in.o
                0x0000000087805588                do_ext4_write
 .text.do_ext2load
                0x00000000878055a0       0x18 cmd/built-in.o
                0x00000000878055a0                do_ext2load
 .text.do_ext2ls
                0x00000000878055b8       0x18 cmd/built-in.o
 .text.do_fat_size
                0x00000000878055d0       0x18 cmd/built-in.o
                0x00000000878055d0                do_fat_size
 .text.do_fat_fsload
                0x00000000878055e8       0x18 cmd/built-in.o
                0x00000000878055e8                do_fat_fsload
 .text.do_fat_ls
                0x0000000087805600       0x18 cmd/built-in.o
 .text.do_fat_fsinfo
                0x0000000087805618       0x90 cmd/built-in.o
 .text.do_fat_fswrite
                0x00000000878056a8      0x10c cmd/built-in.o
 .text.fdt_valid
                0x00000000878057b4       0xbc cmd/built-in.o
 .text.is_printable_string
                0x0000000087805870       0x98 cmd/built-in.o
 .text.print_data
                0x0000000087805908      0x174 cmd/built-in.o
 .text.set_working_fdt_addr
                0x0000000087805a7c       0x1c cmd/built-in.o
                0x0000000087805a7c                set_working_fdt_addr
 .text.do_fdt   0x0000000087805a98      0xe7c cmd/built-in.o
 .text.do_flinfo
                0x0000000087806914        0x8 cmd/built-in.o
 .text.do_flerase
                0x000000008780691c        0x8 cmd/built-in.o
 .text.do_protect
                0x0000000087806924       0x10 cmd/built-in.o
 .text.do_size_wrapper
                0x0000000087806934       0x18 cmd/built-in.o
 .text.do_load_wrapper
                0x000000008780694c       0x18 cmd/built-in.o
 .text.do_save_wrapper
                0x0000000087806964       0x18 cmd/built-in.o
 .text.do_ls_wrapper
                0x000000008780697c       0x18 cmd/built-in.o
 .text.do_fstype_wrapper
                0x0000000087806994        0x4 cmd/built-in.o
 .text.strtou32
                0x0000000087806998       0x44 cmd/built-in.o
 .text.do_fuse  0x00000000878069dc      0x360 cmd/built-in.o
 .text.name_to_gpio
                0x0000000087806d3c        0xc cmd/built-in.o
                0x0000000087806d3c                name_to_gpio
 .text.do_gpio  0x0000000087806d48      0x154 cmd/built-in.o
 .text.do_i2c   0x0000000087806e9c       0x64 cmd/built-in.o
 .text.do_i2c_bus_speed
                0x0000000087806f00       0x78 cmd/built-in.o
 .text.do_i2c_reset
                0x0000000087806f78       0x2c cmd/built-in.o
 .text.do_i2c_probe
                0x0000000087806fa4       0x9c cmd/built-in.o
 .text.do_i2c_bus_num
                0x0000000087807040       0xb8 cmd/built-in.o
 .text.do_i2c_show_bus
                0x00000000878070f8       0xd0 cmd/built-in.o
 .text.get_alen.constprop.4
                0x00000000878071c8       0x3c cmd/built-in.o
 .text.do_i2c_crc
                0x0000000087807204      0x120 cmd/built-in.o
 .text.do_i2c_read
                0x0000000087807324       0xbc cmd/built-in.o
 .text.do_i2c_md
                0x00000000878073e0      0x1e8 cmd/built-in.o
 .text.do_i2c_mw
                0x00000000878075c8       0xfc cmd/built-in.o
 .text.do_i2c_write
                0x00000000878076c4      0x14c cmd/built-in.o
 .text.mod_i2c_mem.isra.3
                0x0000000087807810      0x200 cmd/built-in.o
 .text.do_i2c_nm
                0x0000000087807a10        0x8 cmd/built-in.o
 .text.do_i2c_mm
                0x0000000087807a18        0x8 cmd/built-in.o
 .text.do_i2c_loop
                0x0000000087807a20       0xe4 cmd/built-in.o
 .text.i2c_init_board
                0x0000000087807b04        0x4 cmd/built-in.o
                0x0000000087807b04                i2c_init_board
 .text.evalexp  0x0000000087807b08       0x70 cmd/built-in.o
 .text.evalstr  0x0000000087807b78       0x6c cmd/built-in.o
 .text.binary_test
                0x0000000087807be4      0x1b4 cmd/built-in.o
 .text.do_itest
                0x0000000087807d98       0x88 cmd/built-in.o
 .text.bin_data_init
                0x0000000087807e20       0x2c cmd/built-in.o
 .text.k_data_save
                0x0000000087807e4c       0x4c cmd/built-in.o
 .text.k_data_restore
                0x0000000087807e98       0x4c cmd/built-in.o
 .text.getcxmodem
                0x0000000087807ee4       0x20 cmd/built-in.o
 .text.load_serial_ymodem
                0x0000000087807f04       0xcc cmd/built-in.o
 .text.bin_data_char
                0x0000000087807fd0       0x2c cmd/built-in.o
 .text.chk1.constprop.1
                0x0000000087807ffc       0x2c cmd/built-in.o
 .text.s1_sendpacket.constprop.2
                0x0000000087808028       0x50 cmd/built-in.o
 .text.load_serial
                0x0000000087808078      0x1e0 cmd/built-in.o
 .text.do_load_serial
                0x0000000087808258       0xdc cmd/built-in.o
 .text.do_load_serial_bin
                0x0000000087808334      0x7a8 cmd/built-in.o
 .text.do_mem_mw
                0x0000000087808adc       0xc0 cmd/built-in.o
 .text.do_mem_loop
                0x0000000087808b9c       0xec cmd/built-in.o
 .text.do_mem_md
                0x0000000087808c88       0xec cmd/built-in.o
 .text.do_mem_cmp
                0x0000000087808d74      0x168 cmd/built-in.o
 .text.do_mem_base
                0x0000000087808edc       0x40 cmd/built-in.o
 .text.do_mem_cp
                0x0000000087808f1c       0xd8 cmd/built-in.o
 .text.do_mem_crc
                0x0000000087808ff4       0x48 cmd/built-in.o
 .text.do_mem_mtest
                0x000000008780903c      0x228 cmd/built-in.o
 .text.mod_mem.isra.2
                0x0000000087809264      0x164 cmd/built-in.o
 .text.do_mem_mm
                0x00000000878093c8        0x8 cmd/built-in.o
 .text.do_mem_nm
                0x00000000878093d0        0x8 cmd/built-in.o
 .text.extract_range
                0x00000000878093d8       0xe4 cmd/built-in.o
 .text.do_mii   0x00000000878094bc      0x8e4 cmd/built-in.o
 .text.do_mdio  0x0000000087809da0      0x4dc cmd/built-in.o
 .text.do_sleep
                0x000000008780a27c       0x70 cmd/built-in.o
 .text.do_mmcops
                0x000000008780a2ec       0xb4 cmd/built-in.o
 .text.init_mmc_device
                0x000000008780a3a0       0x54 cmd/built-in.o
 .text.do_mmc_rescan
                0x000000008780a3f4       0x24 cmd/built-in.o
 .text.do_mmc_rst_func
                0x000000008780a418       0xa0 cmd/built-in.o
 .text.do_mmc_partconf
                0x000000008780a4b8       0xb4 cmd/built-in.o
 .text.do_mmc_boot_resize
                0x000000008780a56c       0xcc cmd/built-in.o
 .text.do_mmc_bootbus
                0x000000008780a638       0xb4 cmd/built-in.o
 .text.do_mmc_hwpartition
                0x000000008780a6ec      0x508 cmd/built-in.o
 .text.do_mmc_list
                0x000000008780abf4       0x14 cmd/built-in.o
 .text.do_mmc_dev
                0x000000008780ac08      0x134 cmd/built-in.o
 .text.do_mmc_part
                0x000000008780ad3c       0x5c cmd/built-in.o
 .text.do_mmc_erase
                0x000000008780ad98       0xe8 cmd/built-in.o
 .text.do_mmc_write
                0x000000008780ae80      0x100 cmd/built-in.o
 .text.do_mmc_read
                0x000000008780af80       0xec cmd/built-in.o
 .text.do_mmcinfo
                0x000000008780b06c      0x370 cmd/built-in.o
 .text.do_mmc_setdsr
                0x000000008780b3dc       0xb0 cmd/built-in.o
 .text.netboot_common
                0x000000008780b48c      0x294 cmd/built-in.o
 .text.do_bootp
                0x000000008780b720        0xc cmd/built-in.o
 .text.do_dhcp  0x000000008780b72c        0xc cmd/built-in.o
 .text.do_nfs   0x000000008780b738        0xc cmd/built-in.o
 .text.do_tftpb
                0x000000008780b744       0x40 cmd/built-in.o
                0x000000008780b744                do_tftpb
 .text.do_ping  0x000000008780b784       0x78 cmd/built-in.o
 .text.bytes_per_second
                0x000000008780b7fc       0x50 cmd/built-in.o
 .text.do_spi_flash
                0x000000008780b84c      0x86c cmd/built-in.o
 .text.substitute
                0x000000008780c0b8       0xf0 cmd/built-in.o
 .text.get_arg  0x000000008780c1a8       0x58 cmd/built-in.o
 .text.regex_sub
                0x000000008780c200      0x478 cmd/built-in.o
 .text.do_setexpr
                0x000000008780c678      0x1a0 cmd/built-in.o
 .text.do_false
                0x000000008780c818        0x8 cmd/built-in.o
 .text.do_true  0x000000008780c820        0x8 cmd/built-in.o
 .text.do_test  0x000000008780c828      0x33c cmd/built-in.o
 .text.usb_get_class_desc
                0x000000008780cb64       0xbc cmd/built-in.o
 .text.usb_find_device
                0x000000008780cc20       0x3c cmd/built-in.o
 .text.usb_show_tree_graph
                0x000000008780cc5c      0x228 cmd/built-in.o
 .text.usb_display_class_sub
                0x000000008780ce84      0x170 cmd/built-in.o
 .text.usb_display_string
                0x000000008780cff4       0x44 cmd/built-in.o
 .text.usb_display_config
                0x000000008780d038      0x20c cmd/built-in.o
 .text.do_usbboot
                0x000000008780d244        0xc cmd/built-in.o
 .text.usb_display_desc.part.2
                0x000000008780d250      0x12c cmd/built-in.o
 .text.do_usb_start
                0x000000008780d37c       0x44 cmd/built-in.o
 .text.usb_show_tree
                0x000000008780d3c0       0x54 cmd/built-in.o
                0x000000008780d3c0                usb_show_tree
 .text.do_usb   0x000000008780d414      0x750 cmd/built-in.o
 .text.do_imgextract
                0x000000008780db64      0x290 cmd/built-in.o
 .text.do_env_delete
                0x000000008780ddf4       0x9c cmd/built-in.o
 .text.do_env_exists
                0x000000008780de90       0x64 cmd/built-in.o
 .text.do_env_save
                0x000000008780def4       0x2c cmd/built-in.o
 .text.do_env   0x000000008780df20       0x64 cmd/built-in.o
 .text.env_print
                0x000000008780df84       0xc0 cmd/built-in.o
 .text.do_env_print
                0x000000008780e044       0xc4 cmd/built-in.o
 .text.do_env_import
                0x000000008780e108      0x28c cmd/built-in.o
 .text.do_env_default
                0x000000008780e394       0xa8 cmd/built-in.o
 .text._do_env_set.isra.1
                0x000000008780e43c      0x1bc cmd/built-in.o
 .text.do_env_set
                0x000000008780e5f8       0x20 cmd/built-in.o
 .text.get_env_id
                0x000000008780e618       0x10 cmd/built-in.o
                0x000000008780e618                get_env_id
 .text.setenv   0x000000008780e628       0x60 cmd/built-in.o
                0x000000008780e628                setenv
 .text.setenv_ulong
                0x000000008780e688       0x20 cmd/built-in.o
                0x000000008780e688                setenv_ulong
 .text.setenv_hex
                0x000000008780e6a8       0x34 cmd/built-in.o
                0x000000008780e6a8                setenv_hex
 .text.do_env_export
                0x000000008780e6dc      0x250 cmd/built-in.o
 .text.envmatch
                0x000000008780e92c       0x6c cmd/built-in.o
                0x000000008780e92c                envmatch
 .text.getenv_f
                0x000000008780e998       0xc0 cmd/built-in.o
                0x000000008780e998                getenv_f
 .text.getenv   0x000000008780ea58       0x78 cmd/built-in.o
                0x000000008780ea58                getenv
 .text.getenv_hex
                0x000000008780ead0       0x3c cmd/built-in.o
                0x000000008780ead0                getenv_hex
 .text.getenv_ulong
                0x000000008780eb0c       0x30 cmd/built-in.o
                0x000000008780eb0c                getenv_ulong
 .text.do_env_edit.part.3
                0x000000008780eb3c       0xa4 cmd/built-in.o
 .text.do_env_edit
                0x000000008780ebe0       0x2c cmd/built-in.o
 .text.common_diskboot
                0x000000008780ec0c      0x238 cmd/built-in.o
                0x000000008780ec0c                common_diskboot
 .text.board_init_f_alloc_reserve
                0x000000008780ee44       0x10 common/built-in.o
                0x000000008780ee44                board_init_f_alloc_reserve
 .text.board_init_f_init_reserve
                0x000000008780ee54       0x20 common/built-in.o
                0x000000008780ee54                board_init_f_init_reserve
 .text.show_boot_progress
                0x000000008780ee74        0x4 common/built-in.o
                0x000000008780ee74                show_boot_progress
 .text.main_loop
                0x000000008780ee78       0x20 common/built-in.o
                0x000000008780ee78                main_loop
 .text.dummy    0x000000008780ee98        0x4 common/built-in.o
 .text.get_version
                0x000000008780ee9c        0x8 common/built-in.o
                0x000000008780ee9c                get_version
 .text.jumptable_init
                0x000000008780eea4      0x1e0 common/built-in.o
                0x000000008780eea4                jumptable_init
 .text.hash_command
                0x000000008780f084       0xb4 common/built-in.o
                0x000000008780f084                hash_command
 .text.b_reset  0x000000008780f138       0x1c common/built-in.o
 .text.static_get
                0x000000008780f154       0x1c common/built-in.o
 .text.static_peek
                0x000000008780f170        0xc common/built-in.o
 .text.file_peek
                0x000000008780f17c        0xc common/built-in.o
 .text.mapset   0x000000008780f188       0x20 common/built-in.o
 .text.syntax_err
                0x000000008780f1a8        0xc common/built-in.o
 .text.free_pipe_list
                0x000000008780f1b4       0xf0 common/built-in.o
 .text.xmalloc  0x000000008780f2a4       0x20 common/built-in.o
 .text.new_pipe
                0x000000008780f2c4       0x28 common/built-in.o
 .text.xrealloc
                0x000000008780f2ec       0x20 common/built-in.o
 .text.done_command
                0x000000008780f30c       0x88 common/built-in.o
 .text.done_pipe
                0x000000008780f394       0x48 common/built-in.o
 .text.done_word
                0x000000008780f3dc      0x2e4 common/built-in.o
 .text.do_showvar
                0x000000008780f6c0       0xfc common/built-in.o
 .text.is_assignment
                0x000000008780f7bc       0x5c common/built-in.o
 .text.file_get
                0x000000008780f818      0x1f0 common/built-in.o
 .text.b_addchr
                0x000000008780fa08       0x78 common/built-in.o
 .text.b_addqchr
                0x000000008780fa80       0x50 common/built-in.o
 .text.get_local_var
                0x000000008780fad0       0xa0 common/built-in.o
                0x000000008780fad0                get_local_var
 .text.set_local_var
                0x000000008780fb70      0x1bc common/built-in.o
                0x000000008780fb70                set_local_var
 .text.insert_var_value_sub
                0x000000008780fd2c      0x2c0 common/built-in.o
 .text.parse_string_outer
                0x000000008780ffec       0xe4 common/built-in.o
                0x000000008780ffec                parse_string_outer
 .text.run_list_real
                0x00000000878100d0      0x7e4 common/built-in.o
 .text.parse_stream_outer
                0x00000000878108b4      0x6cc common/built-in.o
 .text.parse_file_outer
                0x0000000087810f80       0x44 common/built-in.o
                0x0000000087810f80                parse_file_outer
 .text.u_boot_hush_start
                0x0000000087810fc4       0x54 common/built-in.o
                0x0000000087810fc4                u_boot_hush_start
 .text.bootdelay_process
                0x0000000087811018       0xd0 common/built-in.o
                0x0000000087811018                bootdelay_process
 .text.autoboot_command
                0x00000000878110e8       0xd0 common/built-in.o
                0x00000000878110e8                autoboot_command
 .text.display_text_info
                0x00000000878111b8        0x8 common/built-in.o
 .text.setup_mon_len
                0x00000000878111c0       0x20 common/built-in.o
 .text.reserve_round_4k
                0x00000000878111e0       0x18 common/built-in.o
 .text.reserve_mmu
                0x00000000878111f8       0x38 common/built-in.o
 .text.reserve_trace
                0x0000000087811230        0x8 common/built-in.o
 .text.reserve_uboot
                0x0000000087811238       0x30 common/built-in.o
 .text.reserve_malloc
                0x0000000087811268       0x18 common/built-in.o
 .text.setup_machine
                0x0000000087811280        0x8 common/built-in.o
 .text.reserve_global_data
                0x0000000087811288       0x1c common/built-in.o
 .text.reserve_fdt
                0x00000000878112a4       0x4c common/built-in.o
 .text.display_new_sp
                0x00000000878112f0        0x8 common/built-in.o
 .text.initf_console_record
                0x00000000878112f8        0x8 common/built-in.o
 .text.reserve_arch
                0x0000000087811300        0x8 common/built-in.o
                0x0000000087811300                reserve_arch
 .text.arch_cpu_init_dm
                0x0000000087811308        0x8 common/built-in.o
                0x0000000087811308                arch_cpu_init_dm
 .text.announce_dram_init
                0x0000000087811310       0x18 common/built-in.o
 .text.init_func_i2c
                0x0000000087811328       0x28 common/built-in.o
 .text.init_baud_rate
                0x0000000087811350       0x2c common/built-in.o
 .text.mark_bootstage
                0x000000008781137c       0x14 common/built-in.o
 .text.initf_dm
                0x0000000087811390        0x8 common/built-in.o
 .text.setup_reloc
                0x0000000087811398       0x40 common/built-in.o
 .text.reloc_fdt
                0x00000000878113d8       0x44 common/built-in.o
 .text.reserve_board
                0x000000008781141c       0x40 common/built-in.o
 .text.coloured_LED_init
                0x000000008781145c        0x4 common/built-in.o
                0x000000008781145c                coloured_LED_init
 .text.red_led_on
                0x0000000087811460        0x4 common/built-in.o
                0x0000000087811460                red_led_on
 .text.board_add_ram_info
                0x0000000087811464        0x4 common/built-in.o
                0x0000000087811464                board_add_ram_info
 .text.show_dram_config
                0x0000000087811468       0x38 common/built-in.o
 .text.dram_init_banksize
                0x00000000878114a0       0x20 common/built-in.o
                0x00000000878114a0                dram_init_banksize
 .text.setup_dram_config
                0x00000000878114c0       0x10 common/built-in.o
 .text.board_get_usable_ram_top
                0x00000000878114d0       0x14 common/built-in.o
                0x00000000878114d0                board_get_usable_ram_top
 .text.board_reserve_ram_top
                0x00000000878114e4        0x4 common/built-in.o
                0x00000000878114e4                board_reserve_ram_top
 .text.setup_dest_addr
                0x00000000878114e8       0x4c common/built-in.o
 .text.reserve_stacks
                0x0000000087811534       0x1c common/built-in.o
 .text.board_init_f
                0x0000000087811550       0x28 common/built-in.o
                0x0000000087811550                board_init_f
 .text.bootstage_relocate
                0x0000000087811578        0x8 common/built-in.o
 .text.initr_trace
                0x0000000087811580        0x8 common/built-in.o
 .text.initr_reloc
                0x0000000087811588       0x18 common/built-in.o
 .text.initr_reloc_global_data
                0x00000000878115a0       0x28 common/built-in.o
 .text.initr_barrier
                0x00000000878115c8        0x8 common/built-in.o
 .text.initr_console_record
                0x00000000878115d0        0x8 common/built-in.o
 .text.initr_announce
                0x00000000878115d8        0x8 common/built-in.o
 .text.run_main_loop
                0x00000000878115e0        0xc common/built-in.o
 .text.initr_net
                0x00000000878115ec       0x1c common/built-in.o
 .text.initr_ethaddr
                0x0000000087811608       0x20 common/built-in.o
 .text.initr_enable_interrupts
                0x0000000087811628       0x10 common/built-in.o
 .text.initr_jumptable
                0x0000000087811638       0x10 common/built-in.o
 .text.initr_env
                0x0000000087811648       0x30 common/built-in.o
 .text.initr_mmc
                0x0000000087811678       0x20 common/built-in.o
 .text.initr_serial
                0x0000000087811698       0x10 common/built-in.o
 .text.initr_bootstage
                0x00000000878116a8       0x14 common/built-in.o
 .text.initr_dm
                0x00000000878116bc       0x14 common/built-in.o
 .text.initr_malloc
                0x00000000878116d0       0x24 common/built-in.o
 .text.initr_caches
                0x00000000878116f4       0x10 common/built-in.o
 .text.cpu_secondary_init_r
                0x0000000087811704        0x4 common/built-in.o
                0x0000000087811704                cpu_secondary_init_r
 .text.initr_secondary_cpu
                0x0000000087811708       0x10 common/built-in.o
 .text.board_init_r
                0x0000000087811718       0x14 common/built-in.o
                0x0000000087811718                board_init_r
 .text.show_board_info
                0x000000008781172c        0x4 common/built-in.o
                0x000000008781172c                show_board_info
 .text.bootm_find_images
                0x0000000087811730       0xa8 common/built-in.o
                0x0000000087811730                bootm_find_images
 .text.bootm_decomp_image
                0x00000000878117d8      0x14c common/built-in.o
                0x00000000878117d8                bootm_decomp_image
 .text.bootm_disable_interrupts
                0x0000000087811924       0x18 common/built-in.o
                0x0000000087811924                bootm_disable_interrupts
 .text.do_bootm_states
                0x000000008781193c      0x74c common/built-in.o
                0x000000008781193c                do_bootm_states
 .text.copy_args
                0x0000000087812088       0x50 common/built-in.o
 .text.do_bootm_rtems
                0x00000000878120d8       0x40 common/built-in.o
 .text.do_bootm_plan9
                0x0000000087812118       0xa4 common/built-in.o
 .text.do_bootm_standalone
                0x00000000878121bc       0x64 common/built-in.o
 .text.do_bootm_qnxelf
                0x0000000087812220       0x5c common/built-in.o
 .text.do_bootm_netbsd
                0x000000008781227c       0xf8 common/built-in.o
 .text.do_bootvx_fdt
                0x0000000087812374      0x118 common/built-in.o
                0x0000000087812374                do_bootvx_fdt
 .text.do_bootm_vxworks
                0x000000008781248c       0x24 common/built-in.o
 .text.boot_selected_os
                0x00000000878124b0       0x58 common/built-in.o
                0x00000000878124b0                boot_selected_os
 .text.bootm_os_get_boot_func
                0x0000000087812508       0x10 common/built-in.o
                0x0000000087812508                bootm_os_get_boot_func
 .text.regex_callback
                0x0000000087812518      0x134 common/built-in.o
 .text.env_attr_walk
                0x000000008781264c      0x11c common/built-in.o
                0x000000008781264c                env_attr_walk
 .text.env_attr_lookup
                0x0000000087812768       0x84 common/built-in.o
                0x0000000087812768                env_attr_lookup
 .text.clear_callback
                0x00000000878127ec       0x10 common/built-in.o
 .text.find_env_callback
                0x00000000878127fc       0x68 common/built-in.o
 .text.on_callbacks
                0x0000000087812864       0x50 common/built-in.o
 .text.set_callback
                0x00000000878128b4       0x98 common/built-in.o
 .text.env_callback_init
                0x000000008781294c       0xc4 common/built-in.o
                0x000000008781294c                env_callback_init
 .text.skip_num
                0x0000000087812a10       0x70 common/built-in.o
 .text.clear_flags
                0x0000000087812a80       0x10 common/built-in.o
 .text.on_flags
                0x0000000087812a90       0x50 common/built-in.o
 .text.env_flags_parse_vartype
                0x0000000087812ae0       0x50 common/built-in.o
                0x0000000087812ae0                env_flags_parse_vartype
 .text.env_flags_parse_varaccess
                0x0000000087812b30       0x58 common/built-in.o
                0x0000000087812b30                env_flags_parse_varaccess
 .text.set_flags
                0x0000000087812b88       0xb0 common/built-in.o
 .text.eth_validate_ethaddr_str
                0x0000000087812c38       0x94 common/built-in.o
                0x0000000087812c38                eth_validate_ethaddr_str
 .text.env_flags_init
                0x0000000087812ccc       0xd8 common/built-in.o
                0x0000000087812ccc                env_flags_init
 .text.env_flags_validate
                0x0000000087812da4      0x2b8 common/built-in.o
                0x0000000087812da4                env_flags_validate
 .text.mmc_get_env_addr
                0x000000008781305c       0x10 common/built-in.o
                0x000000008781305c                mmc_get_env_addr
 .text.fini_mmc_for_env.isra.0
                0x000000008781306c       0x1c common/built-in.o
 .text.env_init
                0x0000000087813088       0x1c common/built-in.o
                0x0000000087813088                env_init
 .text.init_mmc_for_env
                0x00000000878130a4       0x78 common/built-in.o
 .text.saveenv  0x000000008781311c      0x114 common/built-in.o
                0x000000008781311c                saveenv
 .text.env_relocate_spec
                0x0000000087813230       0xe0 common/built-in.o
                0x0000000087813230                env_relocate_spec
 .text.fdt_find_and_setprop
                0x0000000087813310       0x70 common/built-in.o
                0x0000000087813310                fdt_find_and_setprop
 .text.fdt_find_or_add_subnode
                0x0000000087813380       0x68 common/built-in.o
                0x0000000087813380                fdt_find_or_add_subnode
 .text.fdt_root
                0x00000000878133e8       0x90 common/built-in.o
                0x00000000878133e8                fdt_root
 .text.fdt_initrd
                0x0000000087813478      0x1cc common/built-in.o
                0x0000000087813478                fdt_initrd
 .text.fdt_chosen
                0x0000000087813644       0xa8 common/built-in.o
                0x0000000087813644                fdt_chosen
 .text.do_fixup_by_path
                0x00000000878136ec       0x54 common/built-in.o
                0x00000000878136ec                do_fixup_by_path
 .text.fdt_fixup_memory_banks
                0x0000000087813740      0x1b0 common/built-in.o
                0x0000000087813740                fdt_fixup_memory_banks
 .text.fdt_fixup_memory
                0x00000000878138f0       0x20 common/built-in.o
                0x00000000878138f0                fdt_fixup_memory
 .text.fdt_fixup_ethernet
                0x0000000087813910      0x174 common/built-in.o
                0x0000000087813910                fdt_fixup_ethernet
 .text.fdt_shrink_to_minimum
                0x0000000087813a84       0xcc common/built-in.o
                0x0000000087813a84                fdt_shrink_to_minimum
 .text.miiphy_get_dev_by_name
                0x0000000087813b50       0x60 common/built-in.o
                0x0000000087813b50                miiphy_get_dev_by_name
 .text.miiphy_init
                0x0000000087813bb0       0x24 common/built-in.o
                0x0000000087813bb0                miiphy_init
 .text.mdio_alloc
                0x0000000087813bd4       0x30 common/built-in.o
                0x0000000087813bd4                mdio_alloc
 .text.mdio_register
                0x0000000087813c04       0x94 common/built-in.o
                0x0000000087813c04                mdio_register
 .text.mdio_unregister
                0x0000000087813c98       0x3c common/built-in.o
                0x0000000087813c98                mdio_unregister
 .text.mdio_list_devices
                0x0000000087813cd4       0x98 common/built-in.o
                0x0000000087813cd4                mdio_list_devices
 .text.miiphy_set_current_dev
                0x0000000087813d6c       0x40 common/built-in.o
                0x0000000087813d6c                miiphy_set_current_dev
 .text.miiphy_get_active_dev
                0x0000000087813dac       0x54 common/built-in.o
 .text.mdio_get_current_dev
                0x0000000087813e00       0x10 common/built-in.o
                0x0000000087813e00                mdio_get_current_dev
 .text.mdio_phydev_for_ethname
                0x0000000087813e10       0x88 common/built-in.o
                0x0000000087813e10                mdio_phydev_for_ethname
 .text.miiphy_get_current_dev
                0x0000000087813e98       0x18 common/built-in.o
                0x0000000087813e98                miiphy_get_current_dev
 .text.miiphy_read
                0x0000000087813eb0       0x4c common/built-in.o
                0x0000000087813eb0                miiphy_read
 .text.miiphy_write
                0x0000000087813efc       0x40 common/built-in.o
                0x0000000087813efc                miiphy_write
 .text.miiphy_listdev
                0x0000000087813f3c       0x74 common/built-in.o
                0x0000000087813f3c                miiphy_listdev
 .text.miiphy_info
                0x0000000087813fb0       0x88 common/built-in.o
                0x0000000087813fb0                miiphy_info
 .text.miiphy_speed
                0x0000000087814038       0x94 common/built-in.o
                0x0000000087814038                miiphy_speed
 .text.miiphy_duplex
                0x00000000878140cc       0x94 common/built-in.o
                0x00000000878140cc                miiphy_duplex
 .text.miiphy_is_1000base_x
                0x0000000087814160        0x8 common/built-in.o
                0x0000000087814160                miiphy_is_1000base_x
 .text.usb_set_maxpacket_ep
                0x0000000087814168       0x70 common/built-in.o
 .text.usb_stop
                0x00000000878141d8       0x80 common/built-in.o
                0x00000000878141d8                usb_stop
 .text.usb_disable_asynch
                0x0000000087814258       0x20 common/built-in.o
                0x0000000087814258                usb_disable_asynch
 .text.usb_control_msg
                0x0000000087814278       0xc4 common/built-in.o
                0x0000000087814278                usb_control_msg
 .text.usb_get_descriptor
                0x000000008781433c       0x58 common/built-in.o
 .text.get_descriptor_len
                0x0000000087814394       0x90 common/built-in.o
 .text.usb_get_string
                0x0000000087814424       0x70 common/built-in.o
 .text.usb_string_sub
                0x0000000087814494      0x108 common/built-in.o
 .text.usb_bulk_msg
                0x000000008781459c       0x78 common/built-in.o
                0x000000008781459c                usb_bulk_msg
 .text.usb_maxpacket
                0x0000000087814614       0x1c common/built-in.o
                0x0000000087814614                usb_maxpacket
 .text.usb_clear_halt
                0x0000000087814630       0x90 common/built-in.o
                0x0000000087814630                usb_clear_halt
 .text.usb_get_configuration_len
                0x00000000878146c0       0x74 common/built-in.o
                0x00000000878146c0                usb_get_configuration_len
 .text.usb_get_configuration_no
                0x0000000087814734       0x34 common/built-in.o
                0x0000000087814734                usb_get_configuration_no
 .text.usb_set_interface
                0x0000000087814768       0xb4 common/built-in.o
                0x0000000087814768                usb_set_interface
 .text.usb_string
                0x000000008781481c      0x104 common/built-in.o
                0x000000008781481c                usb_string
 .text.usb_get_dev_index
                0x0000000087814920       0x24 common/built-in.o
                0x0000000087814920                usb_get_dev_index
 .text.usb_alloc_new_device
                0x0000000087814944       0x9c common/built-in.o
                0x0000000087814944                usb_alloc_new_device
 .text.usb_free_device
                0x00000000878149e0       0x48 common/built-in.o
                0x00000000878149e0                usb_free_device
 .text.usb_alloc_device
                0x0000000087814a28        0x8 common/built-in.o
                0x0000000087814a28                usb_alloc_device
 .text.usb_select_config
                0x0000000087814a30      0x458 common/built-in.o
                0x0000000087814a30                usb_select_config
 .text.usb_setup_device
                0x0000000087814e88      0x19c common/built-in.o
                0x0000000087814e88                usb_setup_device
 .text.usb_new_device
                0x0000000087815024       0x34 common/built-in.o
                0x0000000087815024                usb_new_device
 .text.usb_init
                0x0000000087815058      0x168 common/built-in.o
                0x0000000087815058                usb_init
 .text.usb_device_has_child_on_port
                0x00000000878151c0       0x14 common/built-in.o
                0x00000000878151c0                usb_device_has_child_on_port
 .text.usb_find_usb2_hub_address_port
                0x00000000878151d4       0x5c common/built-in.o
                0x00000000878151d4                usb_find_usb2_hub_address_port
 .text.usb_set_port_feature
                0x0000000087815230       0x4c common/built-in.o
 .text.usb_clear_port_feature
                0x000000008781527c       0x4c common/built-in.o
 .text.usb_get_hub_descriptor
                0x00000000878152c8       0x4c common/built-in.o
 .text.usb_hub_power_on
                0x0000000087815314       0x6c common/built-in.o
 .text.usb_hub_reset_devices
                0x0000000087815380        0x4 common/built-in.o
                0x0000000087815380                usb_hub_reset_devices
 .text.usb_get_port_status
                0x0000000087815384       0x4c common/built-in.o
                0x0000000087815384                usb_get_port_status
 .text.usb_hub_reset
                0x00000000878153d0       0x14 common/built-in.o
                0x00000000878153d0                usb_hub_reset
 .text.legacy_hub_port_reset
                0x00000000878153e4       0xa0 common/built-in.o
                0x00000000878153e4                legacy_hub_port_reset
 .text.usb_hub_port_connect_change
                0x0000000087815484      0x16c common/built-in.o
                0x0000000087815484                usb_hub_port_connect_change
 .text.usb_hub_configure
                0x00000000878155f0      0x2d4 common/built-in.o
 .text.usb_hub_probe
                0x00000000878158c4       0x54 common/built-in.o
                0x00000000878158c4                usb_hub_probe
 .text.usb_stor_irq
                0x0000000087815918       0x1c common/built-in.o
 .text.usb_stor_BBB_reset
                0x0000000087815934       0xd0 common/built-in.o
 .text.usb_stor_CB_reset
                0x0000000087815a04       0xd0 common/built-in.o
 .text.usb_stor_BBB_clear_endpt_stall.isra.0
                0x0000000087815ad4       0x40 common/built-in.o
 .text.usb_stor_BBB_transport
                0x0000000087815b14      0x25c common/built-in.o
 .text.usb_stor_CB_comdat
                0x0000000087815d70      0x200 common/built-in.o
 .text.usb_stor_CBI_get_status.isra.2
                0x0000000087815f70       0xc8 common/built-in.o
 .text.usb_stor_CB_transport
                0x0000000087816038      0x228 common/built-in.o
 .text.usb_request_sense.constprop.8
                0x0000000087816260       0x70 common/built-in.o
 .text.usb_stor_read
                0x00000000878162d0      0x18c common/built-in.o
 .text.usb_stor_write
                0x000000008781645c      0x18c common/built-in.o
 .text.usb_stor_get_dev
                0x00000000878165e8       0x28 common/built-in.o
                0x00000000878165e8                usb_stor_get_dev
 .text.usb_stor_info
                0x0000000087816610       0x74 common/built-in.o
                0x0000000087816610                usb_stor_info
 .text.usb_storage_probe
                0x0000000087816684      0x204 common/built-in.o
                0x0000000087816684                usb_storage_probe
 .text.usb_stor_get_info
                0x0000000087816888      0x318 common/built-in.o
                0x0000000087816888                usb_stor_get_info
 .text.usb_stor_scan
                0x0000000087816ba0      0x1ec common/built-in.o
                0x0000000087816ba0                usb_stor_scan
 .text.splash_screen_prepare
                0x0000000087816d8c        0x8 common/built-in.o
                0x0000000087816d8c                splash_screen_prepare
 .text.splash_get_pos
                0x0000000087816d94       0x84 common/built-in.o
                0x0000000087816d94                splash_get_pos
 .text.env_get_char_spec
                0x0000000087816e18        0xc common/built-in.o
                0x0000000087816e18                env_get_char_spec
 .text.env_get_addr
                0x0000000087816e24       0x20 common/built-in.o
                0x0000000087816e24                env_get_addr
 .text.env_get_char_memory
                0x0000000087816e44       0x10 common/built-in.o
                0x0000000087816e44                env_get_char_memory
 .text.env_get_char
                0x0000000087816e54       0x30 common/built-in.o
                0x0000000087816e54                env_get_char
 .text.getenv_yesno
                0x0000000087816e84       0x40 common/built-in.o
                0x0000000087816e84                getenv_yesno
 .text.getenv_default
                0x0000000087816ec4       0x30 common/built-in.o
                0x0000000087816ec4                getenv_default
 .text.set_default_env
                0x0000000087816ef4       0xc0 common/built-in.o
                0x0000000087816ef4                set_default_env
 .text.set_default_vars
                0x0000000087816fb4       0x38 common/built-in.o
                0x0000000087816fb4                set_default_vars
 .text.env_import
                0x0000000087816fec       0xdc common/built-in.o
                0x0000000087816fec                env_import
 .text.env_export
                0x00000000878170c8       0xa0 common/built-in.o
                0x00000000878170c8                env_export
 .text.env_relocate
                0x0000000087817168       0x2c common/built-in.o
                0x0000000087817168                env_relocate
 .text.env_complete
                0x0000000087817194       0xdc common/built-in.o
                0x0000000087817194                env_complete
 .text.console_setfile
                0x0000000087817270       0xc0 common/built-in.o
 .text.serial_printf
                0x0000000087817330       0x44 common/built-in.o
                0x0000000087817330                serial_printf
 .text.puts     0x0000000087817374       0x34 common/built-in.o
                0x0000000087817374                puts
 .text.putc     0x00000000878173a8       0x34 common/built-in.o
                0x00000000878173a8                putc
 .text.fgetc    0x00000000878173dc       0x24 common/built-in.o
                0x00000000878173dc                fgetc
 .text.getc     0x0000000087817400       0x24 common/built-in.o
                0x0000000087817400                getc
 .text.ftstc    0x0000000087817424       0x24 common/built-in.o
                0x0000000087817424                ftstc
 .text.tstc     0x0000000087817448       0x24 common/built-in.o
                0x0000000087817448                tstc
 .text.ctrlc    0x000000008781746c       0x58 common/built-in.o
                0x000000008781746c                ctrlc
 .text.confirm_yesno
                0x00000000878174c4       0xd4 common/built-in.o
                0x00000000878174c4                confirm_yesno
 .text.had_ctrlc
                0x0000000087817598       0x10 common/built-in.o
                0x0000000087817598                had_ctrlc
 .text.clear_ctrlc
                0x00000000878175a8       0x14 common/built-in.o
                0x00000000878175a8                clear_ctrlc
 .text.search_device
                0x00000000878175bc       0x28 common/built-in.o
                0x00000000878175bc                search_device
 .text.console_assign
                0x00000000878175e4       0x48 common/built-in.o
                0x00000000878175e4                console_assign
 .text.on_console
                0x000000008781762c       0xb8 common/built-in.o
 .text.console_init_f
                0x00000000878176e4       0x10 common/built-in.o
                0x00000000878176e4                console_init_f
 .text.stdio_print_current_devices
                0x00000000878176f4       0xb0 common/built-in.o
                0x00000000878176f4                stdio_print_current_devices
 .text.console_init_r
                0x00000000878177a4      0x180 common/built-in.o
                0x00000000878177a4                console_init_r
 .text.sbrk     0x0000000087817924       0x6c common/built-in.o
                0x0000000087817924                sbrk
 .text.mem_malloc_init
                0x0000000087817990       0x34 common/built-in.o
                0x0000000087817990                mem_malloc_init
 .text.malloc_trim
                0x00000000878179c4       0xcc common/built-in.o
                0x00000000878179c4                malloc_trim
 .text.free     0x0000000087817a90      0x248 common/built-in.o
                0x0000000087817a90                free
 .text.malloc   0x0000000087817cd8      0x61c common/built-in.o
                0x0000000087817cd8                malloc
 .text.calloc   0x00000000878182f4      0x148 common/built-in.o
                0x00000000878182f4                calloc
 .text.realloc  0x000000008781843c      0x438 common/built-in.o
                0x000000008781843c                realloc
 .text.memalign
                0x0000000087818874      0x140 common/built-in.o
                0x0000000087818874                memalign
 .text.initf_malloc
                0x00000000878189b4       0x18 common/built-in.o
                0x00000000878189b4                initf_malloc
 .text.malloc_simple
                0x00000000878189cc       0x30 common/built-in.o
                0x00000000878189cc                malloc_simple
 .text.on_loadaddr
                0x00000000878189fc       0x38 common/built-in.o
 .text.image_check_hcrc
                0x0000000087818a34       0x4c common/built-in.o
                0x0000000087818a34                image_check_hcrc
 .text.image_check_dcrc
                0x0000000087818a80       0x38 common/built-in.o
                0x0000000087818a80                image_check_dcrc
 .text.image_multi_count
                0x0000000087818ab8       0x1c common/built-in.o
                0x0000000087818ab8                image_multi_count
 .text.image_multi_getimg
                0x0000000087818ad4       0x80 common/built-in.o
                0x0000000087818ad4                image_multi_getimg
 .text.getenv_bootm_low
                0x0000000087818b54       0x30 common/built-in.o
                0x0000000087818b54                getenv_bootm_low
 .text.getenv_bootm_size
                0x0000000087818b84       0x68 common/built-in.o
                0x0000000087818b84                getenv_bootm_size
 .text.getenv_bootm_mapsize
                0x0000000087818bec       0x30 common/built-in.o
                0x0000000087818bec                getenv_bootm_mapsize
 .text.memmove_wd
                0x0000000087818c1c        0xc common/built-in.o
                0x0000000087818c1c                memmove_wd
 .text.genimg_print_size
                0x0000000087818c28       0x30 common/built-in.o
                0x0000000087818c28                genimg_print_size
 .text.get_table_entry
                0x0000000087818c58       0x24 common/built-in.o
                0x0000000087818c58                get_table_entry
 .text.get_table_entry_name
                0x0000000087818c7c       0x20 common/built-in.o
                0x0000000087818c7c                get_table_entry_name
 .text.genimg_get_os_name
                0x0000000087818c9c       0x18 common/built-in.o
                0x0000000087818c9c                genimg_get_os_name
 .text.genimg_get_arch_name
                0x0000000087818cb4       0x18 common/built-in.o
                0x0000000087818cb4                genimg_get_arch_name
 .text.genimg_get_type_name
                0x0000000087818ccc       0x18 common/built-in.o
                0x0000000087818ccc                genimg_get_type_name
 .text.genimg_get_comp_name
                0x0000000087818ce4       0x18 common/built-in.o
                0x0000000087818ce4                genimg_get_comp_name
 .text.image_print_contents
                0x0000000087818cfc      0x174 common/built-in.o
                0x0000000087818cfc                image_print_contents
 .text.genimg_get_kernel_addr_fit
                0x0000000087818e70       0x24 common/built-in.o
                0x0000000087818e70                genimg_get_kernel_addr_fit
 .text.genimg_get_format
                0x0000000087818e94       0x34 common/built-in.o
                0x0000000087818e94                genimg_get_format
 .text.genimg_get_image
                0x0000000087818ec8        0x4 common/built-in.o
                0x0000000087818ec8                genimg_get_image
 .text.genimg_has_config
                0x0000000087818ecc        0x8 common/built-in.o
                0x0000000087818ecc                genimg_has_config
 .text.boot_get_ramdisk
                0x0000000087818ed4      0x274 common/built-in.o
                0x0000000087818ed4                boot_get_ramdisk
 .text.boot_ramdisk_high
                0x0000000087819148      0x138 common/built-in.o
                0x0000000087819148                boot_ramdisk_high
 .text.boot_get_setup
                0x0000000087819280        0x8 common/built-in.o
                0x0000000087819280                boot_get_setup
 .text.image_setup_linux
                0x0000000087819288       0x8c common/built-in.o
                0x0000000087819288                image_setup_linux
 .text.fdt_error
                0x0000000087819314       0x2c common/built-in.o
 .text.boot_fdt_add_mem_rsv_regions
                0x0000000087819340       0x88 common/built-in.o
                0x0000000087819340                boot_fdt_add_mem_rsv_regions
 .text.boot_relocate_fdt
                0x00000000878193c8      0x198 common/built-in.o
                0x00000000878193c8                boot_relocate_fdt
 .text.boot_get_fdt
                0x0000000087819560      0x2b8 common/built-in.o
                0x0000000087819560                boot_get_fdt
 .text.ft_verify_fdt
                0x0000000087819818        0x8 common/built-in.o
                0x0000000087819818                ft_verify_fdt
 .text.image_setup_libfdt
                0x0000000087819820      0x100 common/built-in.o
                0x0000000087819820                image_setup_libfdt
 .text.get_effective_memsize
                0x0000000087819920        0x8 common/built-in.o
                0x0000000087819920                get_effective_memsize
 .text.nulldev_putc
                0x0000000087819928        0x4 common/built-in.o
 .text.nulldev_puts
                0x000000008781992c        0x4 common/built-in.o
 .text.nulldev_input
                0x0000000087819930        0x8 common/built-in.o
 .text.stdio_serial_tstc
                0x0000000087819938        0x4 common/built-in.o
 .text.stdio_serial_getc
                0x000000008781993c        0x4 common/built-in.o
 .text.stdio_serial_puts
                0x0000000087819940        0x8 common/built-in.o
 .text.stdio_serial_putc
                0x0000000087819948        0x8 common/built-in.o
 .text.stdio_get_list
                0x0000000087819950        0xc common/built-in.o
                0x0000000087819950                stdio_get_list
 .text.stdio_get_by_name
                0x000000008781995c       0x5c common/built-in.o
                0x000000008781995c                stdio_get_by_name
 .text.stdio_clone
                0x00000000878199b8       0x38 common/built-in.o
                0x00000000878199b8                stdio_clone
 .text.stdio_register_dev
                0x00000000878199f0       0x50 common/built-in.o
                0x00000000878199f0                stdio_register_dev
 .text.stdio_register
                0x0000000087819a40        0x8 common/built-in.o
                0x0000000087819a40                stdio_register
 .text.stdio_init_tables
                0x0000000087819a48       0x1c common/built-in.o
                0x0000000087819a48                stdio_init_tables
 .text.stdio_add_devices
                0x0000000087819a64       0xd4 common/built-in.o
                0x0000000087819a64                stdio_add_devices
 .text.run_command
                0x0000000087819b38       0x10 common/built-in.o
                0x0000000087819b38                run_command
 .text.run_command_list
                0x0000000087819b48       0x7c common/built-in.o
                0x0000000087819b48                run_command_list
 .text.do_run   0x0000000087819bc4       0x78 common/built-in.o
                0x0000000087819bc4                do_run
 .text.cli_loop
                0x0000000087819c3c        0xc common/built-in.o
                0x0000000087819c3c                cli_loop
 .text.cli_init
                0x0000000087819c48        0x4 common/built-in.o
                0x0000000087819c48                cli_init
 .text.delete_char.part.0
                0x0000000087819c4c       0xd0 common/built-in.o
 .text.cread_add_char
                0x0000000087819d1c       0xe8 common/built-in.o
 .text.cli_readline_into_buffer
                0x0000000087819e04      0x9cc common/built-in.o
                0x0000000087819e04                cli_readline_into_buffer
 .text.cli_readline
                0x000000008781a7d0       0x14 common/built-in.o
                0x000000008781a7d0                cli_readline
 .text.find_cmd_tbl
                0x000000008781a7e4       0xa4 common/built-in.o
                0x000000008781a7e4                find_cmd_tbl
 .text.find_cmd
                0x000000008781a888       0x28 common/built-in.o
                0x000000008781a888                find_cmd
 .text.cmd_usage
                0x000000008781a8b0       0x5c common/built-in.o
                0x000000008781a8b0                cmd_usage
 .text._do_help
                0x000000008781a90c      0x178 common/built-in.o
                0x000000008781a90c                _do_help
 .text.var_complete
                0x000000008781aa84       0x84 common/built-in.o
                0x000000008781aa84                var_complete
 .text.cmd_auto_complete
                0x000000008781ab08      0x4b4 common/built-in.o
                0x000000008781ab08                cmd_auto_complete
 .text.cmd_get_data_size
                0x000000008781afbc       0x5c common/built-in.o
                0x000000008781afbc                cmd_get_data_size
 .text.cmd_process
                0x000000008781b018       0xe8 common/built-in.o
                0x000000008781b018                cmd_process
 .text.cmd_process_error
                0x000000008781b100       0x30 common/built-in.o
                0x000000008781b100                cmd_process_error
 .text.hex1_bin
                0x000000008781b130       0x40 common/built-in.o
 .text.hex2_bin
                0x000000008781b170       0x38 common/built-in.o
 .text.srec_decode
                0x000000008781b1a8      0x254 common/built-in.o
                0x000000008781b1a8                srec_decode
 .text.CYGACC_COMM_IF_GETC_TIMEOUT.isra.0
                0x000000008781b3fc       0x5c common/built-in.o
 .text.xyzModem_flush
                0x000000008781b458       0x1c common/built-in.o
 .text.xyzModem_get_hdr
                0x000000008781b474      0x22c common/built-in.o
 .text.xyzModem_stream_open
                0x000000008781b6a0      0x23c common/built-in.o
                0x000000008781b6a0                xyzModem_stream_open
 .text.xyzModem_stream_read
                0x000000008781b8dc      0x258 common/built-in.o
                0x000000008781b8dc                xyzModem_stream_read
 .text.xyzModem_stream_close
                0x000000008781bb34       0x54 common/built-in.o
                0x000000008781bb34                xyzModem_stream_close
 .text.xyzModem_stream_terminate
                0x000000008781bb88       0x94 common/built-in.o
                0x000000008781bb88                xyzModem_stream_terminate
 .text.xyzModem_error
                0x000000008781bc1c       0x20 common/built-in.o
                0x000000008781bc1c                xyzModem_error
 .text.get_dev_hwpart
                0x000000008781bc3c       0xb0 disk/built-in.o
 .text.dev_print
                0x000000008781bcec      0x210 disk/built-in.o
                0x000000008781bcec                dev_print
 .text.init_part
                0x000000008781befc       0x20 disk/built-in.o
                0x000000008781befc                init_part
 .text.print_part
                0x000000008781bf1c       0xf4 disk/built-in.o
                0x000000008781bf1c                print_part
 .text.get_partition_info
                0x000000008781c010       0x2c disk/built-in.o
                0x000000008781c010                get_partition_info
 .text.get_device
                0x000000008781c03c      0x128 disk/built-in.o
                0x000000008781c03c                get_device
 .text.get_device_and_partition
                0x000000008781c164      0x404 disk/built-in.o
                0x000000008781c164                get_device_and_partition
 .text.test_block_type
                0x000000008781c568       0x84 disk/built-in.o
 .text.print_partition_extended
                0x000000008781c5ec      0x274 disk/built-in.o
 .text.get_partition_info_extended.constprop.2
                0x000000008781c860      0x2fc disk/built-in.o
 .text.test_part_dos
                0x000000008781cb5c       0x60 disk/built-in.o
                0x000000008781cb5c                test_part_dos
 .text.print_part_dos
                0x000000008781cbbc       0x34 disk/built-in.o
                0x000000008781cbbc                print_part_dos
 .text.get_partition_info_dos
                0x000000008781cbf0       0x20 disk/built-in.o
                0x000000008781cbf0                get_partition_info_dos
 .text.alloc_priv
                0x000000008781cc10       0x48 drivers/built-in.o
 .text.device_bind
                0x000000008781cc58      0x304 drivers/built-in.o
                0x000000008781cc58                device_bind
 .text.device_bind_by_name
                0x000000008781cf5c       0x60 drivers/built-in.o
                0x000000008781cf5c                device_bind_by_name
 .text.device_probe
                0x000000008781cfbc      0x234 drivers/built-in.o
                0x000000008781cfbc                device_probe
 .text.dev_get_platdata
                0x000000008781d1f0       0x34 drivers/built-in.o
                0x000000008781d1f0                dev_get_platdata
 .text.dev_get_priv
                0x000000008781d224       0x34 drivers/built-in.o
                0x000000008781d224                dev_get_priv
 .text.lists_driver_lookup_name
                0x000000008781d258       0x4c drivers/built-in.o
                0x000000008781d258                lists_driver_lookup_name
 .text.lists_uclass_lookup
                0x000000008781d2a4       0x3c drivers/built-in.o
                0x000000008781d2a4                lists_uclass_lookup
 .text.lists_bind_drivers
                0x000000008781d2e0       0x88 drivers/built-in.o
                0x000000008781d2e0                lists_bind_drivers
 .text.dm_root  0x000000008781d368       0x28 drivers/built-in.o
                0x000000008781d368                dm_root
 .text.dm_init  0x000000008781d390       0x58 drivers/built-in.o
                0x000000008781d390                dm_init
 .text.dm_scan_platdata
                0x000000008781d3e8       0x2c drivers/built-in.o
                0x000000008781d3e8                dm_scan_platdata
 .text.dm_scan_other
                0x000000008781d414        0x8 drivers/built-in.o
                0x000000008781d414                dm_scan_other
 .text.dm_init_and_scan
                0x000000008781d41c       0x30 drivers/built-in.o
                0x000000008781d41c                dm_init_and_scan
 .text.uclass_find
                0x000000008781d44c       0x4c drivers/built-in.o
                0x000000008781d44c                uclass_find
 .text.uclass_get
                0x000000008781d498      0x124 drivers/built-in.o
                0x000000008781d498                uclass_get
 .text.uclass_find_device
                0x000000008781d5bc       0x74 drivers/built-in.o
                0x000000008781d5bc                uclass_find_device
 .text.uclass_find_device_by_seq
                0x000000008781d630       0x7c drivers/built-in.o
                0x000000008781d630                uclass_find_device_by_seq
 .text.uclass_get_device_tail
                0x000000008781d6ac       0x2c drivers/built-in.o
                0x000000008781d6ac                uclass_get_device_tail
 .text.uclass_get_device
                0x000000008781d6d8       0x30 drivers/built-in.o
                0x000000008781d6d8                uclass_get_device
 .text.uclass_bind_device
                0x000000008781d708       0x7c drivers/built-in.o
                0x000000008781d708                uclass_bind_device
 .text.uclass_unbind_device
                0x000000008781d784       0x4c drivers/built-in.o
                0x000000008781d784                uclass_unbind_device
 .text.uclass_resolve_seq
                0x000000008781d7d0       0xb0 drivers/built-in.o
                0x000000008781d7d0                uclass_resolve_seq
 .text.uclass_pre_probe_device
                0x000000008781d880       0x64 drivers/built-in.o
                0x000000008781d880                uclass_pre_probe_device
 .text.uclass_post_probe_device
                0x000000008781d8e4       0x20 drivers/built-in.o
                0x000000008781d8e4                uclass_post_probe_device
 .text.uclass_pre_remove_device
                0x000000008781d904       0x20 drivers/built-in.o
                0x000000008781d904                uclass_pre_remove_device
 .text.dm_warn  0x000000008781d924       0x28 drivers/built-in.o
                0x000000008781d924                dm_warn
 .text.device_free
                0x000000008781d94c       0x90 drivers/built-in.o
                0x000000008781d94c                device_free
 .text.device_remove
                0x000000008781d9dc      0x138 drivers/built-in.o
                0x000000008781d9dc                device_remove
 .text.show_devices
                0x000000008781db14       0xfc drivers/built-in.o
 .text.dm_dump_all
                0x000000008781dc10       0x3c drivers/built-in.o
                0x000000008781dc10                dm_dump_all
 .text.dm_dump_uclass
                0x000000008781dc4c       0xdc drivers/built-in.o
                0x000000008781dc4c                dm_dump_uclass
 .text.finish_access
                0x000000008781dd28       0x2c drivers/built-in.o
 .text.prepare_access
                0x000000008781dd54       0xcc drivers/built-in.o
 .text.setup_direct_access
                0x000000008781de20      0x120 drivers/built-in.o
 .text.fuse_bank_physical
                0x000000008781df40       0xd4 drivers/built-in.o
                0x000000008781df40                fuse_bank_physical
 .text.fuse_word_physical
                0x000000008781e014       0x40 drivers/built-in.o
                0x000000008781e014                fuse_word_physical
 .text.fuse_read
                0x000000008781e054       0x80 drivers/built-in.o
                0x000000008781e054                fuse_read
 .text.fuse_sense
                0x000000008781e0d4       0x94 drivers/built-in.o
                0x000000008781e0d4                fuse_sense
 .text.fuse_prog
                0x000000008781e168       0x88 drivers/built-in.o
                0x000000008781e168                fuse_prog
 .text.fuse_override
                0x000000008781e1f0       0x78 drivers/built-in.o
                0x000000008781e1f0                fuse_override
 .text.video_drawchars
                0x000000008781e268      0x44c drivers/built-in.o
 .text.video_invertchar
                0x000000008781e6b4       0x74 drivers/built-in.o
 .text.draw_bitmap
                0x000000008781e728       0xdc drivers/built-in.o
 .text.console_newline.constprop.2
                0x000000008781e804       0xe0 drivers/built-in.o
 .text.board_cfb_skip
                0x000000008781e8e4        0x8 drivers/built-in.o
                0x000000008781e8e4                board_cfb_skip
 .text.console_cursor
                0x000000008781e8ec       0xcc drivers/built-in.o
                0x000000008781e8ec                console_cursor
 .text.video_putc
                0x000000008781e9b8      0x1c4 drivers/built-in.o
 .text.video_puts
                0x000000008781eb7c       0x7c drivers/built-in.o
 .text.video_set_lut
                0x000000008781ebf8        0x4 drivers/built-in.o
                0x000000008781ebf8                video_set_lut
 .text.display_rle8_bitmap
                0x000000008781ebfc      0x374 drivers/built-in.o
 .text.plot_logo_or_black
                0x000000008781ef70      0x284 drivers/built-in.o
 .text.do_clrlogo
                0x000000008781f1f4       0x44 drivers/built-in.o
 .text.video_display_bitmap
                0x000000008781f238      0x988 drivers/built-in.o
                0x000000008781f238                video_display_bitmap
 .text.video_clear
                0x000000008781fbc0       0x54 drivers/built-in.o
                0x000000008781fbc0                video_clear
 .text.drv_video_init
                0x000000008781fc14      0x424 drivers/built-in.o
                0x000000008781fc14                drv_video_init
 .text.mxsfb_system_setup
                0x0000000087820038        0x4 drivers/built-in.o
                0x0000000087820038                mxsfb_system_setup
 .text.mxs_lcd_panel_setup
                0x000000008782003c       0x78 drivers/built-in.o
                0x000000008782003c                mxs_lcd_panel_setup
 .text.lcdif_power_down
                0x00000000878200b4       0x5c drivers/built-in.o
                0x00000000878200b4                lcdif_power_down
 .text.video_hw_init
                0x0000000087820110      0x378 drivers/built-in.o
                0x0000000087820110                video_hw_init
 .text.video_get_param_len.constprop.1
                0x0000000087820488       0x20 drivers/built-in.o
 .text.video_get_params
                0x00000000878204a8      0x4e0 drivers/built-in.o
                0x00000000878204a8                video_get_params
 .text.reset_cpu
                0x0000000087820988       0x48 drivers/built-in.o
                0x0000000087820988                reset_cpu
 .text.thermal_get_temp
                0x00000000878209d0       0x20 drivers/built-in.o
                0x00000000878209d0                thermal_get_temp
 .text.read_cpu_temperature
                0x00000000878209f0      0x144 drivers/built-in.o
 .text.imx_thermal_get_temp
                0x0000000087820b34       0x64 drivers/built-in.o
                0x0000000087820b34                imx_thermal_get_temp
 .text.imx_thermal_probe
                0x0000000087820b98       0xc8 drivers/built-in.o
 .text.gpio_set_value
                0x0000000087820c60       0x44 drivers/gpio/built-in.o
                0x0000000087820c60                gpio_set_value
 .text.gpio_get_value
                0x0000000087820ca4       0x34 drivers/gpio/built-in.o
                0x0000000087820ca4                gpio_get_value
 .text.gpio_request
                0x0000000087820cd8       0x10 drivers/gpio/built-in.o
                0x0000000087820cd8                gpio_request
 .text.gpio_free
                0x0000000087820ce8        0x8 drivers/gpio/built-in.o
                0x0000000087820ce8                gpio_free
 .text.gpio_direction_input
                0x0000000087820cf0       0x3c drivers/gpio/built-in.o
                0x0000000087820cf0                gpio_direction_input
 .text.gpio_direction_output
                0x0000000087820d2c       0x50 drivers/gpio/built-in.o
                0x0000000087820d2c                gpio_direction_output
 .text.i2c_get_adapter
                0x0000000087820d7c       0x64 drivers/i2c/built-in.o
                0x0000000087820d7c                i2c_get_adapter
 .text.i2c_init_bus
                0x0000000087820de0       0x90 drivers/i2c/built-in.o
 .text.i2c_get_bus_num
                0x0000000087820e70        0x8 drivers/i2c/built-in.o
                0x0000000087820e70                i2c_get_bus_num
 .text.i2c_set_bus_num
                0x0000000087820e78       0xb8 drivers/i2c/built-in.o
                0x0000000087820e78                i2c_set_bus_num
 .text.i2c_init_all
                0x0000000087820f30       0x14 drivers/i2c/built-in.o
                0x0000000087820f30                i2c_init_all
 .text.i2c_probe
                0x0000000087820f44       0x2c drivers/i2c/built-in.o
                0x0000000087820f44                i2c_probe
 .text.i2c_read
                0x0000000087820f70       0x4c drivers/i2c/built-in.o
                0x0000000087820f70                i2c_read
 .text.i2c_write
                0x0000000087820fbc       0x4c drivers/i2c/built-in.o
                0x0000000087820fbc                i2c_write
 .text.i2c_set_bus_speed
                0x0000000087821008       0x64 drivers/i2c/built-in.o
                0x0000000087821008                i2c_set_bus_speed
 .text.i2c_get_bus_speed
                0x000000008782106c       0x14 drivers/i2c/built-in.o
                0x000000008782106c                i2c_get_bus_speed
 .text.i2c_init
                0x0000000087821080       0x14 drivers/i2c/built-in.o
                0x0000000087821080                i2c_init
 .text.wait_for_sr_state
                0x0000000087821094      0x100 drivers/i2c/built-in.o
 .text.tx_byte  0x0000000087821194       0x50 drivers/i2c/built-in.o
 .text.bus_i2c_set_bus_speed
                0x00000000878211e4       0xb4 drivers/i2c/built-in.o
 .text.mxc_i2c_set_bus_speed
                0x0000000087821298       0x18 drivers/i2c/built-in.o
 .text.i2c_imx_stop
                0x00000000878212b0       0x50 drivers/i2c/built-in.o
 .text.__i2c_force_reset_slave
                0x0000000087821300        0x4 drivers/i2c/built-in.o
                0x0000000087821300                __i2c_force_reset_slave
                0x0000000087821300                i2c_force_reset_slave
 .text.i2c_idle_bus
                0x0000000087821304       0x24 drivers/i2c/built-in.o
                0x0000000087821304                i2c_idle_bus
 .text.i2c_init_transfer
                0x0000000087821328      0x224 drivers/i2c/built-in.o
 .text.mxc_i2c_probe
                0x000000008782154c       0x40 drivers/i2c/built-in.o
 .text.mxc_i2c_read
                0x000000008782158c      0x184 drivers/i2c/built-in.o
 .text.mxc_i2c_write
                0x0000000087821710       0x68 drivers/i2c/built-in.o
 .text.bus_i2c_init
                0x0000000087821778       0x70 drivers/i2c/built-in.o
                0x0000000087821778                bus_i2c_init